// Jest Snapshot v1, https://goo.gl/fbAQLP

exports[`<MovieDateilPage/> should render MovieDetailPage 1`] = `
<MovieDetailPage
  getMovieInfo={[Function]}
  movie={
    Object {
      "foundedMovie": Object {
        "movieId": "1",
        "movieLevel": "5.5",
        "movieName": "Taxi",
        "moviePoster": "url",
        "movieYear": "2017",
      },
    }
  }
  movies={
    Object {
      "foundedMovies": Array [
        Object {
          "movieId": "1",
          "movieLevel": "5.5",
          "movieName": "Taxi",
          "moviePoster": "url",
          "movieYear": "2017",
        },
      ],
    }
  }
  sortMovies={[Function]}
  store={
    Object {
      "clearActions": [Function],
      "dispatch": [Function],
      "getActions": [Function],
      "getState": [Function],
      "replaceReducer": [Function],
      "subscribe": [Function],
    }
  }
  storeSubscription={
    Subscription {
      "listeners": Object {
        "clear": [Function],
        "get": [Function],
        "notify": [Function],
        "subscribe": [Function],
      },
      "onStateChange": [Function],
      "parentSub": undefined,
      "store": Object {
        "clearActions": [Function],
        "dispatch": [Function],
        "getActions": [Function],
        "getState": [Function],
        "replaceReducer": [Function],
        "subscribe": [Function],
      },
      "unsubscribe": [Function],
    }
  }
/>
`;
