// Jest Snapshot v1, https://goo.gl/fbAQLP

exports[`<NotFound /> should render NotFound 1`] = `
<div
  className="div-no-films-found"
>
  <p
    className="text-no-films-found"
  >
     No films found 
  </p>
</div>
`;
